[2025-03-19T16:41:59.493705+00:00] name.ERROR: Página não encotrada. {"pagina":"Dashborading","parametro":""} []
[2025-03-19T16:42:19.247519+00:00] name.ERROR: Página não encotrada. {"pagina":"Dashboards","parametro":""} []
[2025-03-19T16:49:43.561021+00:00] name.ERROR: controller naum {"pagina":"Dashboard","parametro":""} []
[2025-03-19T16:50:47.925974+00:00] name.ERROR: controller naum {"pagina":"Dashboard","parametro":""} []
[2025-03-19T16:50:48.771166+00:00] name.ERROR: controller naum {"pagina":"Dashboard","parametro":""} []
[2025-03-19T16:50:54.109716+00:00] name.ERROR: controller naum {"pagina":"Dashboard","parametro":""} []
[2025-03-19T16:50:54.605873+00:00] name.ERROR: controller naum {"pagina":"Dashboard","parametro":""} []
[2025-03-19T16:50:54.927582+00:00] name.ERROR: controller naum {"pagina":"Dashboard","parametro":""} []
[2025-03-19T16:51:01.866414+00:00] name.ERROR: controller naum {"pagina":"Dashboard","parametro":""} []
[2025-03-19T16:56:24.943542+00:00] name.ERROR: Método não encotrado {"pagina":"Dashboard","parametro":""} []
[2025-03-19T17:32:12.751855+00:00] name.ERROR: Página não encotrada. {"pagina":"App","parametro":"controller"} []
[2025-03-19T17:32:21.646456+00:00] name.ERROR: Página não encotrada. {"pagina":"App","parametro":"controller"} []
[2025-03-19T17:32:22.643370+00:00] name.ERROR: Página não encotrada. {"pagina":"App","parametro":"controller"} []
[2025-03-19T17:32:23.013225+00:00] name.ERROR: Página não encotrada. {"pagina":"App","parametro":"controller"} []
[2025-03-19T17:32:23.955898+00:00] name.ERROR: Página não encotrada. {"pagina":"App","parametro":"controller"} []
[2025-03-19T17:32:24.289405+00:00] name.ERROR: Página não encotrada. {"pagina":"App","parametro":"controller"} []
[2025-03-19T17:32:24.529683+00:00] name.ERROR: Página não encotrada. {"pagina":"App","parametro":"controller"} []
[2025-03-19T17:33:10.917735+00:00] name.ERROR: Página não encotrada. {"pagina":"App","parametro":"controller"} []
[2025-03-19T17:33:24.068819+00:00] name.ERROR: Página não encotrada. {"pagina":"App","parametro":"controller"} []
[2025-03-19T17:33:24.718099+00:00] name.ERROR: Página não encotrada. {"pagina":"App","parametro":"controller"} []
[2025-03-19T17:33:24.972735+00:00] name.ERROR: Página não encotrada. {"pagina":"App","parametro":"controller"} []
[2025-03-19T17:33:25.202162+00:00] name.ERROR: Página não encotrada. {"pagina":"App","parametro":"controller"} []
[2025-03-19T17:33:25.412934+00:00] name.ERROR: Página não encotrada. {"pagina":"App","parametro":"controller"} []
[2025-03-19T17:33:43.664402+00:00] name.ERROR: Página não encotrada. {"pagina":"App","parametro":"Controller"} []
[2025-03-19T17:34:19.564567+00:00] name.ERROR: Página não encotrada. {"pagina":"App","parametro":"Controller"} []
[2025-03-19T17:36:03.619608+00:00] name.ERROR: Página não encotrada. {"pagina":"App","parametro":"adms"} []
